###############################################################################
#
# IAR ANSI C/C++ Compiler V8.32.3.193/W32 for ARM         28/Mar/2019  18:11:17
# Copyright 1999-2019 IAR Systems AB.
#
#    Cpu mode     =  
#    Endian       =  little
#    Source file  =  
#        C:\repositories\sistemas-embarcados\lab-1\display\src\system_tm4c1294ncpdt.c
#    Command line =  
#        -f C:\Users\Marcelo\AppData\Local\Temp\EW8857.tmp
#        (C:\repositories\sistemas-embarcados\lab-1\display\src\system_tm4c1294ncpdt.c
#        -D ewarm -D PART_TM4C1294NCPDT -lcN
#        C:\repositories\sistemas-embarcados\lab-1\display\Debug\List -o
#        C:\repositories\sistemas-embarcados\lab-1\display\Debug\Obj --no_cse
#        --no_unroll --no_inline --no_code_motion --no_tbaa --no_clustering
#        --no_scheduling --debug --endian=little --cpu=Cortex-M4 -e --fpu=None
#        --dlib_config "C:\Program Files (x86)\IAR Systems\Embedded Workbench
#        8.2\arm\inc\c\DLib_Config_Normal.h" -I
#        C:\repositories\sistemas-embarcados\lab-1\display\..\..\..\ -I
#        C:\repositories\sistemas-embarcados\lab-1\display\..\ -I
#        C:\repositories\sistemas-embarcados\lab-1\display\..\inc\ -I
#        C:\repositories\sistemas-embarcados\lab-1\display\..\driverlib\ -Ol -I
#        "C:\Program Files (x86)\IAR Systems\Embedded Workbench
#        8.2\arm\CMSIS\Core\Include\" -I "C:\Program Files (x86)\IAR
#        Systems\Embedded Workbench 8.2\arm\CMSIS\DSP\Include\")
#    Locale       =  C
#    List file    =  
#        C:\repositories\sistemas-embarcados\lab-1\display\Debug\List\system_tm4c1294ncpdt.lst
#    Object file  =  
#        C:\repositories\sistemas-embarcados\lab-1\display\Debug\Obj\system_tm4c1294ncpdt.o
#
###############################################################################

C:\repositories\sistemas-embarcados\lab-1\display\src\system_tm4c1294ncpdt.c
      1          #include <stdbool.h>
      2          #include <stdint.h>
      3          #include "driverlib/sysctl.h"
      4          
      5          uint32_t SystemCoreClock;
      6          
      7          void SystemInit(void){
      8            SystemCoreClock = SysCtlClockFreqSet((SYSCTL_XTAL_25MHZ |
      9                                                        SYSCTL_OSC_MAIN |
     10                                                        SYSCTL_USE_PLL |
     11                                                        SYSCTL_CFG_VCO_480),
     12                                                        24000000); // 24MHz
     13          } // SystemInit
     14          
     15          void SystemCoreClockUpdate(void){
     16            // Not implemented
     17          } // SystemCoreClockUpdate

   Maximum stack usage in bytes:

   .cstack Function
   ------- --------
       0   SystemCoreClockUpdate
       8   SystemInit
         8   -> SysCtlClockFreqSet


   Section sizes:

   Bytes  Function/Label
   -----  --------------
       4  ??DataTable0
       4  ??DataTable0_1
       4  ??DataTable0_2
       4  SystemCoreClock
       2  SystemCoreClockUpdate
      16  SystemInit

 
  4 bytes in section .bss
 30 bytes in section .text
 
 30 bytes of CODE memory
  4 bytes of DATA memory

Errors: none
Warnings: none
