###############################################################################
#
# IAR ELF Linker V8.32.3.193/W32 for ARM                  21/Mar/2019  18:52:52
# Copyright 2007-2019 IAR Systems AB.
#
#    Output file  =  
#        C:\repositories\sistemas-embarcados\lab-0\es_user\Debug\Exe\es_user.out
#    Map file     =  
#        C:\repositories\sistemas-embarcados\lab-0\es_user\Debug\List\es_user.map
#    Command line =  
#        -f C:\Users\Marcelo\AppData\Local\Temp\EW59E7.tmp
#        (C:\repositories\sistemas-embarcados\lab-0\driverlib\ewarm\Exe\driverlib.a
#        C:\repositories\sistemas-embarcados\lab-0\es_user\Debug\Obj\main.o
#        C:\repositories\sistemas-embarcados\lab-0\es_user\Debug\Obj\startup_ewarm.o
#        --no_out_extension -o
#        C:\repositories\sistemas-embarcados\lab-0\es_user\Debug\Exe\es_user.out
#        --map
#        C:\repositories\sistemas-embarcados\lab-0\es_user\Debug\List\es_user.map
#        --config "C:\Program Files (x86)\IAR Systems\Embedded Workbench
#        8.2\arm\config\linker\TexasInstruments\TM4C1294NC.icf" --semihosting
#        --entry __iar_program_start --vfe --text_out locale)
#
###############################################################################

*******************************************************************************
*** RUNTIME MODEL ATTRIBUTES
***

CppFlavor       = *
__SystemLibrary = DLib
__dlib_version  = 6


*******************************************************************************
*** HEAP SELECTION
***

The basic heap was selected because some modules are built with
size limitations (and not runtime checking), and --advanced_heap
was not specified.


*******************************************************************************
*** PLACEMENT SUMMARY
***

"A0":  place at 0x0 { ro section .intvec };
"P1":  place in [from 0x0 to 0xf'ffff] { ro };
define block CSTACK with size = 32K, alignment = 8 { };
define block HEAP with size = 64K, alignment = 8 { };
"P2":  place in [from 0x2000'0000 to 0x2003'ffff] {
          rw, block CSTACK, block HEAP };
do not initialize { section .noinit };

  Section          Kind         Address   Size  Object
  -------          ----         -------   ----  ------
"A0":                                    0x200
  .intvec          const            0x0  0x200  startup_ewarm.o [1]
                                - 0x200  0x200

"P1":                                    0x8bc
  .text            ro code        0x200  0x2ac  sysctl.o [3]
  .rodata          const          0x4ac  0x1b0  sysctl.o [3]
  .text            ro code        0x65c  0x176  gpio.o [3]
  .text            ro code        0x7d2   0x3a  zero_init3.o [4]
  .text            ro code        0x80c  0x130  main.o [1]
  .text            ro code        0x93c   0x28  systick.o [3]
  .rodata          const          0x964   0x6c  sysctl.o [3]
  .rodata          const          0x9d0   0x30  sysctl.o [3]
  .text            ro code        0xa00   0x2e  startup_ewarm.o [1]
  .text            ro code        0xa2e    0xc  cstartup_M.o [4]
  .text            ro code        0xa3c   0x1e  cmain.o [4]
  .text            ro code        0xa5a    0x4  low_level_init.o [2]
  .text            ro code        0xa60   0x28  data_init.o [4]
  .text            ro code        0xa88    0x4  exit.o [2]
  .text            ro code        0xa8c    0xa  cexit.o [4]
  .text            ro code        0xa98   0x14  exit.o [5]
  .iar.init_table  const          0xaac   0x10  - Linker created -
  .rodata          const          0xabc    0x0  zero_init3.o [4]
                                - 0xabc  0x8bc

"P2", part 1 of 2:                         0x4
  .bss             zero     0x2000'0000    0x1  main.o [1]
                          - 0x2000'0001    0x1

"P2", part 2 of 2:                       0x200
  .noinit          uninit   0x2000'0004  0x200  startup_ewarm.o [1]
                          - 0x2000'0204  0x200

Unused ranges:

         From           To      Size
         ----           --      ----
        0xabc     0xf'ffff  0xf'f544
  0x2000'0204  0x2003'ffff  0x3'fdfc


*******************************************************************************
*** INIT TABLE
***

          Address      Size
          -------      ----
Zero (__iar_zero_init3)
    1 destination range, total size 0x1:
          0x2000'0000   0x1



*******************************************************************************
*** MODULE SUMMARY
***

    Module            ro code  ro data  rw data
    ------            -------  -------  -------
command line/config:
    -------------------------------------------
    Total:

C:\repositories\sistemas-embarcados\lab-0\es_user\Debug\Obj: [1]
    main.o                304                 1
    startup_ewarm.o        46      512      512
    -------------------------------------------
    Total:                350      512      513

dl7M_tln.a: [2]
    exit.o                  4
    low_level_init.o        4
    -------------------------------------------
    Total:                  8

driverlib.a: [3]
    gpio.o                374
    sysctl.o              684      588
    systick.o              40
    -------------------------------------------
    Total:              1 098      588

rt7M_tl.a: [4]
    cexit.o                10
    cmain.o                30
    cstartup_M.o           12
    data_init.o            40
    zero_init3.o           58
    -------------------------------------------
    Total:                150

shb_l.a: [5]
    exit.o                 20
    -------------------------------------------
    Total:                 20

    Gaps                    6
    Linker created                  16
-----------------------------------------------
    Grand Total:        1 632    1 116      513


*******************************************************************************
*** ENTRY LIST
***

Entry                       Address   Size  Type      Object
-----                       -------   ----  ----      ------
.iar.init_table$$Base         0xaac          --   Gb  - Linker created -
.iar.init_table$$Limit        0xabc          --   Gb  - Linker created -
?main                         0xa3d         Code  Gb  cmain.o [4]
FaultISR                      0xa0b    0x2  Code  Lc  startup_ewarm.o [1]
GPIODirModeSet                0x65d   0x28  Code  Gb  gpio.o [3]
GPIOPadConfigSet              0x685  0x102  Code  Gb  gpio.o [3]
GPIOPinRead                   0x787    0x8  Code  Gb  gpio.o [3]
GPIOPinTypeGPIOInput          0x79b   0x14  Code  Gb  gpio.o [3]
GPIOPinTypeGPIOOutput         0x7af    0xa  Code  Gb  gpio.o [3]
GPIOPinWrite                  0x78f    0x8  Code  Gb  gpio.o [3]
IntDefaultHandler             0xa0d    0x2  Code  Lc  startup_ewarm.o [1]
LED_D1                  0x2000'0000    0x1  Data  Gb  main.o [1]
NMISR                         0xa09    0x2  Code  Lc  startup_ewarm.o [1]
Region$$Table$$Base           0xaac          --   Gb  - Linker created -
Region$$Table$$Limit          0xabc          --   Gb  - Linker created -
ResetISR                      0xa01    0x8  Code  Gb  startup_ewarm.o [1]
SysCtlClockFreqSet            0x261  0x20a  Code  Gb  sysctl.o [3]
SysCtlPeripheralEnable        0x243    0x8  Code  Gb  sysctl.o [3]
SysCtlPeripheralReady         0x221    0x8  Code  Gb  sysctl.o [3]
SysTickEnable                 0x93d    0xc  Code  Gb  systick.o [3]
SysTickIntEnable              0x949    0xc  Code  Gb  systick.o [3]
SysTickPeriodSet              0x955    0x8  Code  Gb  systick.o [3]
SysTick_Handler               0x80d   0x18  Code  Gb  main.o [1]
_SysCtlMemTimingGet           0x201   0x20  Code  Lc  sysctl.o [3]
__cmain                       0xa3d         Code  Gb  cmain.o [4]
__exit                        0xa99   0x14  Code  Gb  exit.o [5]
__iar_data_init3              0xa61   0x28  Code  Gb  data_init.o [4]
__iar_init_vfp                0xa11   0x1e  Code  Gb  startup_ewarm.o [1]
__iar_program_start           0xa2f         Code  Gb  cstartup_M.o [4]
__iar_zero_init3              0x7d3   0x3a  Code  Gb  zero_init3.o [4]
__low_level_init              0xa5b    0x4  Code  Gb  low_level_init.o [2]
__vector_table                  0x0  0x200  Data  Gb  startup_ewarm.o [1]
_call_main                    0xa49         Code  Gb  cmain.o [4]
_exit                         0xa8d         Code  Gb  cexit.o [4]
_main                         0xa57         Code  Gb  cmain.o [4]
exit                          0xa89    0x4  Code  Gb  exit.o [2]
g_pppui32XTALtoVCO            0x4ac  0x1b0  Data  Lc  sysctl.o [3]
g_pui32VCOFrequencies         0x4a4    0x8  Data  Lc  sysctl.o [3]
g_pui32Xtals                  0x964   0x6c  Data  Lc  sysctl.o [3]
g_sXTALtoMEMTIM               0x9d0   0x30  Data  Lc  sysctl.o [3]
main                          0x825   0xee  Code  Gb  main.o [1]
pui32Stack              0x2000'0004  0x200  Data  Lc  startup_ewarm.o [1]


[1] = C:\repositories\sistemas-embarcados\lab-0\es_user\Debug\Obj
[2] = dl7M_tln.a
[3] = driverlib.a
[4] = rt7M_tl.a
[5] = shb_l.a

  1 632 bytes of readonly  code memory
  1 116 bytes of readonly  data memory
    513 bytes of readwrite data memory

Errors: none
Warnings: none
