###############################################################################
#
# IAR ELF Linker V8.32.3.193/W32 for ARM                  28/Mar/2019  18:43:48
# Copyright 2007-2019 IAR Systems AB.
#
#    Output file  =  
#        C:\repositories\sistemas-embarcados\lab-1\es_simples\Debug\Exe\es_simples.out
#    Map file     =  
#        C:\repositories\sistemas-embarcados\lab-1\es_simples\Debug\List\es_simples.map
#    Command line =  
#        -f C:\Users\Marcelo\AppData\Local\Temp\EW4E13.tmp
#        (C:\repositories\sistemas-embarcados\lab-1\driverlib\ewarm\Exe\driverlib.a
#        C:\repositories\sistemas-embarcados\lab-1\es_simples\Debug\Obj\main.o
#        C:\repositories\sistemas-embarcados\lab-1\es_simples\Debug\Obj\startup_ewarm.o
#        --no_out_extension -o
#        C:\repositories\sistemas-embarcados\lab-1\es_simples\Debug\Exe\es_simples.out
#        --map
#        C:\repositories\sistemas-embarcados\lab-1\es_simples\Debug\List\es_simples.map
#        --config "C:\Program Files (x86)\IAR Systems\Embedded Workbench
#        8.2\arm\config\linker\TexasInstruments\TM4C1294NC.icf" --semihosting
#        --entry __iar_program_start --vfe --text_out locale)
#
###############################################################################

*******************************************************************************
*** RUNTIME MODEL ATTRIBUTES
***

CppFlavor       = *
__SystemLibrary = DLib
__dlib_version  = 6


*******************************************************************************
*** HEAP SELECTION
***

The basic heap was selected because some modules are built with
size limitations (and not runtime checking), and --advanced_heap
was not specified.


*******************************************************************************
*** PLACEMENT SUMMARY
***

"A0":  place at 0x0 { ro section .intvec };
"P1":  place in [from 0x0 to 0xf'ffff] { ro };
define block CSTACK with size = 32K, alignment = 8 { };
define block HEAP with size = 64K, alignment = 8 { };
"P2":  place in [from 0x2000'0000 to 0x2003'ffff] {
          rw, block CSTACK, block HEAP };
do not initialize { section .noinit };

  Section  Kind         Address   Size  Object
  -------  ----         -------   ----  ------
"A0":                            0x200
  .intvec  const            0x0  0x200  startup_ewarm.o [1]
                        - 0x200  0x200

"P1":                            0x75c
  .text    ro code        0x200  0x2ac  sysctl.o [3]
  .rodata  const          0x4ac  0x1b0  sysctl.o [3]
  .text    ro code        0x65c  0x14e  gpio.o [3]
  .text    ro code        0x7ac   0x7c  main.o [1]
  .rodata  const          0x828   0x6c  sysctl.o [3]
  .rodata  const          0x894   0x30  sysctl.o [3]
  .text    ro code        0x8c4   0x22  fpinit_M.o [4]
  .text    ro code        0x8e8   0x1e  startup_ewarm.o [1]
  .text    ro code        0x906    0xc  cstartup_M.o [5]
  .text    ro code        0x914   0x1e  cmain.o [5]
  .text    ro code        0x932    0x4  low_level_init.o [2]
  .text    ro code        0x936    0x4  exit.o [2]
  .text    ro code        0x93c    0xa  cexit.o [5]
  .text    ro code        0x948   0x14  exit.o [6]
                        - 0x95c  0x75c

"P2":                            0x100
  .noinit  uninit   0x2000'0000  0x100  startup_ewarm.o [1]
                  - 0x2000'0100  0x100

Unused ranges:

         From           To      Size
         ----           --      ----
        0x95c     0xf'ffff  0xf'f6a4
  0x2000'0100  0x2003'ffff  0x3'ff00



*******************************************************************************
*** MODULE SUMMARY
***

    Module            ro code  ro data  rw data
    ------            -------  -------  -------
command line/config:
    -------------------------------------------
    Total:

C:\repositories\sistemas-embarcados\lab-1\es_simples\Debug\Obj: [1]
    main.o                124
    startup_ewarm.o        30      512      256
    -------------------------------------------
    Total:                154      512      256

dl7M_tln.a: [2]
    exit.o                  4
    low_level_init.o        4
    -------------------------------------------
    Total:                  8

driverlib.a: [3]
    gpio.o                334
    sysctl.o              684      588
    -------------------------------------------
    Total:              1 018      588

m7M_tls.a: [4]
    fpinit_M.o             34
    -------------------------------------------
    Total:                 34

rt7M_tl.a: [5]
    cexit.o                10
    cmain.o                30
    cstartup_M.o           12
    -------------------------------------------
    Total:                 52

shb_l.a: [6]
    exit.o                 20
    -------------------------------------------
    Total:                 20

    Gaps                   10
-----------------------------------------------
    Grand Total:        1 296    1 100      256


*******************************************************************************
*** ENTRY LIST
***

Entry                       Address   Size  Type      Object
-----                       -------   ----  ----      ------
?main                         0x915         Code  Gb  cmain.o [5]
FaultISR                      0x903    0x2  Code  Lc  startup_ewarm.o [1]
GPIODirModeSet                0x65d   0x28  Code  Gb  gpio.o [3]
GPIOPadConfigSet              0x685  0x102  Code  Gb  gpio.o [3]
GPIOPinTypeGPIOOutput         0x78f    0xa  Code  Gb  gpio.o [3]
GPIOPinWrite                  0x787    0x8  Code  Gb  gpio.o [3]
IntDefaultHandler             0x905    0x2  Code  Lc  startup_ewarm.o [1]
NMISR                         0x901    0x2  Code  Lc  startup_ewarm.o [1]
Region$$Table$$Base             0x0          --   Gb  - Linker created -
Region$$Table$$Limit            0x0          --   Gb  - Linker created -
ResetISR                      0x8e9   0x12  Code  Gb  startup_ewarm.o [1]
SysCtlClockFreqSet            0x261  0x20a  Code  Gb  sysctl.o [3]
SysCtlPeripheralEnable        0x243    0x8  Code  Gb  sysctl.o [3]
SysCtlPeripheralReady         0x221    0x8  Code  Gb  sysctl.o [3]
_SysCtlMemTimingGet           0x201   0x20  Code  Lc  sysctl.o [3]
__cmain                       0x915         Code  Gb  cmain.o [5]
__exit                        0x949   0x14  Code  Gb  exit.o [6]
__iar_init_vfp                0x8c5         Code  Gb  fpinit_M.o [4]
__iar_program_start           0x907         Code  Gb  cstartup_M.o [5]
__low_level_init              0x933    0x4  Code  Gb  low_level_init.o [2]
__vector_table                  0x0  0x200  Data  Gb  startup_ewarm.o [1]
_call_main                    0x921         Code  Gb  cmain.o [5]
_exit                         0x93d         Code  Gb  cexit.o [5]
_main                         0x92f         Code  Gb  cmain.o [5]
exit                          0x937    0x4  Code  Gb  exit.o [2]
g_pppui32XTALtoVCO            0x4ac  0x1b0  Data  Lc  sysctl.o [3]
g_pui32VCOFrequencies         0x4a4    0x8  Data  Lc  sysctl.o [3]
g_pui32Xtals                  0x828   0x6c  Data  Lc  sysctl.o [3]
g_sXTALtoMEMTIM               0x894   0x30  Data  Lc  sysctl.o [3]
main                          0x7ad   0x7c  Code  Gb  main.o [1]
pui32Stack              0x2000'0000  0x100  Data  Lc  startup_ewarm.o [1]


[1] = C:\repositories\sistemas-embarcados\lab-1\es_simples\Debug\Obj
[2] = dl7M_tln.a
[3] = driverlib.a
[4] = m7M_tls.a
[5] = rt7M_tl.a
[6] = shb_l.a

  1 296 bytes of readonly  code memory
  1 100 bytes of readonly  data memory
    256 bytes of readwrite data memory

Errors: none
Warnings: none
